{"synthetic": false,
 "schemaVersion": "2025-09-10",
 "outputs":
 {"o": ["39f2b723f9da6d7e.olean"],
  "i": "290efd6c569dffa6.ilean",
  "c": "66f92fdeade38d09.c"},
 "log":
 [{"message":
   ".> LEAN_PATH=C:\\Users\\kinbo\\verifiable-auth-platform\\spec\\.lake\\build\\lib\\lean c:\\Users\\kinbo\\.elan\\toolchains\\leanprover--lean4---v4.29.0\\bin\\lean.exe C:\\Users\\kinbo\\verifiable-auth-platform\\spec\\VerifiableAuth\\StateModel.lean -o C:\\Users\\kinbo\\verifiable-auth-platform\\spec\\.lake\\build\\lib\\lean\\VerifiableAuth\\StateModel.olean -i C:\\Users\\kinbo\\verifiable-auth-platform\\spec\\.lake\\build\\lib\\lean\\VerifiableAuth\\StateModel.ilean -c C:\\Users\\kinbo\\verifiable-auth-platform\\spec\\.lake\\build\\ir\\VerifiableAuth\\StateModel.c --setup C:\\Users\\kinbo\\verifiable-auth-platform\\spec\\.lake\\build\\ir\\VerifiableAuth\\StateModel.setup.json --json",
   "level": "trace"}],
 "inputs":
 [["VerifiableAuth.StateModel:deps",
   [["deps",
     [["VerifiableAuthSpec/VerifiableAuth:extraDep",
       [["@VerifiableAuthSpec:extraDep", "00000000000006bb"]]],
      ["imports",
       [["VerifiableAuth.Types transitive imports (legacy)",
         "00000000000006bb"],
        ["VerifiableAuth.Types:importAllArts", "f2c3a60b53180f28"]]]]],
    ["libs",
     [["import dynlibs", "00000000000006bb"],
      ["package external libraries", "00000000000006bb"],
      ["module dynlibs", "00000000000006bb"],
      ["module plugins", "00000000000006bb"]]]]],
  ["Lean 4.29.0, commit 98dc76e3c0a9b856c9b98726b713fb04fab16740",
   "60bb08ef22408c8a"],
  ["C:\\Users\\kinbo\\verifiable-auth-platform\\spec\\VerifiableAuth\\StateModel.lean",
   "0b72e7897d2e4730"],
  ["options", "00000000000006bb"],
  ["isModule: false", "feefd2a0d3a1847e"],
  ["Module.name: VerifiableAuth.StateModel", "8e0808ca8dc5db0c"],
  ["Package.id?: (some VerifiableAuthSpec)", "d16f9423abff41d5"],
  ["Module.leanArgs: #[]", "00000000000006bb"]],
 "depHash": "c6632c6cfc2ef3f2"}