{"synthetic": false,
 "schemaVersion": "2025-09-10",
 "outputs":
 {"o": ["96757ee2ebb75218.olean"],
  "i": "80376db598081347.ilean",
  "c": "9a453662cd17792b.c"},
 "log":
 [{"message":
   ".> LEAN_PATH=C:\\Users\\kinbo\\verifiable-auth-platform\\spec\\.lake\\build\\lib\\lean c:\\Users\\kinbo\\.elan\\toolchains\\leanprover--lean4---v4.29.0\\bin\\lean.exe C:\\Users\\kinbo\\verifiable-auth-platform\\spec\\VerifiableAuth\\Types.lean -o C:\\Users\\kinbo\\verifiable-auth-platform\\spec\\.lake\\build\\lib\\lean\\VerifiableAuth\\Types.olean -i C:\\Users\\kinbo\\verifiable-auth-platform\\spec\\.lake\\build\\lib\\lean\\VerifiableAuth\\Types.ilean -c C:\\Users\\kinbo\\verifiable-auth-platform\\spec\\.lake\\build\\ir\\VerifiableAuth\\Types.c --setup C:\\Users\\kinbo\\verifiable-auth-platform\\spec\\.lake\\build\\ir\\VerifiableAuth\\Types.setup.json --json",
   "level": "trace"},
  {"message":
   "VerifiableAuth/Types.lean:39:7: `String.data` has been deprecated: Use `String.toList` instead",
   "level": "warning"}],
 "inputs":
 [["VerifiableAuth.Types:deps",
   [["deps",
     [["VerifiableAuthSpec/VerifiableAuth:extraDep",
       [["@VerifiableAuthSpec:extraDep", "00000000000006bb"]]],
      ["imports", "00000000000006bb"]]],
    ["libs",
     [["import dynlibs", "00000000000006bb"],
      ["package external libraries", "00000000000006bb"],
      ["module dynlibs", "00000000000006bb"],
      ["module plugins", "00000000000006bb"]]]]],
  ["Lean 4.29.0, commit 98dc76e3c0a9b856c9b98726b713fb04fab16740",
   "60bb08ef22408c8a"],
  ["C:\\Users\\kinbo\\verifiable-auth-platform\\spec\\VerifiableAuth\\Types.lean",
   "a609fcda97fd9df4"],
  ["options", "00000000000006bb"],
  ["isModule: false", "feefd2a0d3a1847e"],
  ["Module.name: VerifiableAuth.Types", "5780468b2ae1e54c"],
  ["Package.id?: (some VerifiableAuthSpec)", "d16f9423abff41d5"],
  ["Module.leanArgs: #[]", "00000000000006bb"]],
 "depHash": "e16ecfaa67eb7b3b"}